a-cert@argedaten.at
admin@digsigtrust.com
agmartin@debian.org
alvar@meiko.co.uk
and1000@debian.org
aron@debian.org
biebl@debian.org
bigon@debian.org
brian@canonical.com
bryan.quigley@canonical.com
ca@bankengine.com
ca@certengine.com
ca@digsigtrust.com
ca@fortengine.com
ca@mailengine.com
ca@traderengine.com
certificate@trustcenter.de
certify@pca.dfn.de
clameter@debian.org
danieru.dressler@gmail.com
debian-printing@lists.debian.org
debian-x@lists.debian.org
e2scrub@host.domain.name
ejad@debian.org
Elrond@Wunder-Nett.org
filippo@debian.org
gunnarhj@ubuntu.com
hamachilinux-feedback@logmein.com
hmh@debian.org
hmh@rcm.org.br
icons-128x128@2.tar
icons-64x64@2.tar
info@e-trust.be
info@netlock.hu
info@valicert.com
intrigeri@boum.org
ips@mail.ips.es
iwamatsu@debian.org
jamie@canonical.com
jmknoble@mercury.interpath.net
jonathan.davies@canonical.com
jon@jon.demon.co.uk
jplejacq@quoininc.com
jtang@tresys.com
kahan@informatik.tu-muenchen.de
kees@ubuntu.com
kel@otaku42.de
kirkland@canonical.com
kurtz.alex@googlemail.com
license@farsiweb.info
mario_limonciello@dell.com
martin.pitt@ubuntu.com
martin@piware.de
mike@piratehaven.org
miquels@cistron.nl
osamu@debian.org
personal-basic@thawte.com
personal-freemail@thawte.com
personal-premium@thawte.com
pkg-wpa-devel@lists.alioth.debian.org
premium-server@thawte.com
rafael@debian.org
rene@debian.org
rleigh@debian.org
rohangarg@kubuntu.org
server-certs@thawte.com
sjoerd@debian.org
steve.beattie@canonical.com
steve.langasek@canonical.com
tytso@mit.edu
umac-64@openssh.com
user@example.com
username@site.domain
walters@debian.org
webmaster@belsign.be
